Archive member included to satisfy reference by file (symbol)

../../common//libstmcommon.a(system_stm32f4xx.o)
                              ../../common/as/startup_stm32f40_41xxx.o (SystemInit)
../../stm_spl//libstm_spl.a(stm32f4xx_gpio.o)
                              main.o (GPIO_Init)
../../stm_spl//libstm_spl.a(stm32f4xx_rcc.o)
                              main.o (RCC_DeInit)

Discarded input sections

 .text          0x0000000000000000        0x0 main.o
 .data          0x0000000000000000        0x0 main.o
 .bss           0x0000000000000000        0x0 main.o
 .text          0x0000000000000000       0x14 ../../common/as/startup_stm32f40_41xxx.o
 .data          0x0000000000000000        0x0 ../../common/as/startup_stm32f40_41xxx.o
 .bss           0x0000000000000000        0x0 ../../common/as/startup_stm32f40_41xxx.o
 .text          0x0000000000000000        0x0 ../../common//libstmcommon.a(system_stm32f4xx.o)
 .data          0x0000000000000000        0x0 ../../common//libstmcommon.a(system_stm32f4xx.o)
 .bss           0x0000000000000000        0x0 ../../common//libstmcommon.a(system_stm32f4xx.o)
 .data.SystemCoreClock
                0x0000000000000000        0x4 ../../common//libstmcommon.a(system_stm32f4xx.o)
 .data.AHBPrescTable
                0x0000000000000000       0x10 ../../common//libstmcommon.a(system_stm32f4xx.o)
 .text.SystemCoreClockUpdate
                0x0000000000000000       0xfc ../../common//libstmcommon.a(system_stm32f4xx.o)
 .text          0x0000000000000000        0x0 ../../stm_spl//libstm_spl.a(stm32f4xx_gpio.o)
 .data          0x0000000000000000        0x0 ../../stm_spl//libstm_spl.a(stm32f4xx_gpio.o)
 .bss           0x0000000000000000        0x0 ../../stm_spl//libstm_spl.a(stm32f4xx_gpio.o)
 .text.GPIO_DeInit
                0x0000000000000000      0x164 ../../stm_spl//libstm_spl.a(stm32f4xx_gpio.o)
 .text.GPIO_StructInit
                0x0000000000000000       0x34 ../../stm_spl//libstm_spl.a(stm32f4xx_gpio.o)
 .text.GPIO_PinLockConfig
                0x0000000000000000       0x44 ../../stm_spl//libstm_spl.a(stm32f4xx_gpio.o)
 .text.GPIO_ReadInputData
                0x0000000000000000       0x1a ../../stm_spl//libstm_spl.a(stm32f4xx_gpio.o)
 .text.GPIO_ReadOutputDataBit
                0x0000000000000000       0x34 ../../stm_spl//libstm_spl.a(stm32f4xx_gpio.o)
 .text.GPIO_ReadOutputData
                0x0000000000000000       0x1a ../../stm_spl//libstm_spl.a(stm32f4xx_gpio.o)
 .text.GPIO_WriteBit
                0x0000000000000000       0x30 ../../stm_spl//libstm_spl.a(stm32f4xx_gpio.o)
 .text.GPIO_Write
                0x0000000000000000       0x1e ../../stm_spl//libstm_spl.a(stm32f4xx_gpio.o)
 .text.GPIO_ToggleBits
                0x0000000000000000       0x24 ../../stm_spl//libstm_spl.a(stm32f4xx_gpio.o)
 .text.GPIO_PinAFConfig
                0x0000000000000000       0x92 ../../stm_spl//libstm_spl.a(stm32f4xx_gpio.o)
 .text          0x0000000000000000        0x0 ../../stm_spl//libstm_spl.a(stm32f4xx_rcc.o)
 .data          0x0000000000000000        0x0 ../../stm_spl//libstm_spl.a(stm32f4xx_rcc.o)
 .bss           0x0000000000000000        0x0 ../../stm_spl//libstm_spl.a(stm32f4xx_rcc.o)
 .data.APBAHBPrescTable
                0x0000000000000000       0x10 ../../stm_spl//libstm_spl.a(stm32f4xx_rcc.o)
 .text.RCC_AdjustHSICalibrationValue
                0x0000000000000000       0x3c ../../stm_spl//libstm_spl.a(stm32f4xx_rcc.o)
 .text.RCC_HSICmd
                0x0000000000000000       0x20 ../../stm_spl//libstm_spl.a(stm32f4xx_rcc.o)
 .text.RCC_LSEConfig
                0x0000000000000000       0x44 ../../stm_spl//libstm_spl.a(stm32f4xx_rcc.o)
 .text.RCC_LSICmd
                0x0000000000000000       0x20 ../../stm_spl//libstm_spl.a(stm32f4xx_rcc.o)
 .text.RCC_PLLI2SConfig
                0x0000000000000000       0x2c ../../stm_spl//libstm_spl.a(stm32f4xx_rcc.o)
 .text.RCC_PLLI2SCmd
                0x0000000000000000       0x20 ../../stm_spl//libstm_spl.a(stm32f4xx_rcc.o)
 .text.RCC_PLLSAIConfig
                0x0000000000000000       0x34 ../../stm_spl//libstm_spl.a(stm32f4xx_rcc.o)
 .text.RCC_PLLSAICmd
                0x0000000000000000       0x20 ../../stm_spl//libstm_spl.a(stm32f4xx_rcc.o)
 .text.RCC_ClockSecuritySystemCmd
                0x0000000000000000       0x20 ../../stm_spl//libstm_spl.a(stm32f4xx_rcc.o)
 .text.RCC_MCO1Config
                0x0000000000000000       0x40 ../../stm_spl//libstm_spl.a(stm32f4xx_rcc.o)
 .text.RCC_MCO2Config
                0x0000000000000000       0x40 ../../stm_spl//libstm_spl.a(stm32f4xx_rcc.o)
 .text.RCC_GetSYSCLKSource
                0x0000000000000000       0x20 ../../stm_spl//libstm_spl.a(stm32f4xx_rcc.o)
 .text.RCC_HCLKConfig
                0x0000000000000000       0x38 ../../stm_spl//libstm_spl.a(stm32f4xx_rcc.o)
 .text.RCC_PCLK1Config
                0x0000000000000000       0x38 ../../stm_spl//libstm_spl.a(stm32f4xx_rcc.o)
 .text.RCC_PCLK2Config
                0x0000000000000000       0x3c ../../stm_spl//libstm_spl.a(stm32f4xx_rcc.o)
 .text.RCC_GetClocksFreq
                0x0000000000000000      0x154 ../../stm_spl//libstm_spl.a(stm32f4xx_rcc.o)
 .text.RCC_RTCCLKConfig
                0x0000000000000000       0x5c ../../stm_spl//libstm_spl.a(stm32f4xx_rcc.o)
 .text.RCC_RTCCLKCmd
                0x0000000000000000       0x20 ../../stm_spl//libstm_spl.a(stm32f4xx_rcc.o)
 .text.RCC_BackupResetCmd
                0x0000000000000000       0x20 ../../stm_spl//libstm_spl.a(stm32f4xx_rcc.o)
 .text.RCC_I2SCLKConfig
                0x0000000000000000       0x20 ../../stm_spl//libstm_spl.a(stm32f4xx_rcc.o)
 .text.RCC_SAIBlockACLKConfig
                0x0000000000000000       0x3c ../../stm_spl//libstm_spl.a(stm32f4xx_rcc.o)
 .text.RCC_SAIBlockBCLKConfig
                0x0000000000000000       0x3c ../../stm_spl//libstm_spl.a(stm32f4xx_rcc.o)
 .text.RCC_SAIPLLI2SClkDivConfig
                0x0000000000000000       0x40 ../../stm_spl//libstm_spl.a(stm32f4xx_rcc.o)
 .text.RCC_SAIPLLSAIClkDivConfig
                0x0000000000000000       0x40 ../../stm_spl//libstm_spl.a(stm32f4xx_rcc.o)
 .text.RCC_LTDCCLKDivConfig
                0x0000000000000000       0x3c ../../stm_spl//libstm_spl.a(stm32f4xx_rcc.o)
 .text.RCC_TIMCLKPresConfig
                0x0000000000000000       0x20 ../../stm_spl//libstm_spl.a(stm32f4xx_rcc.o)
 .text.RCC_AHB2PeriphClockCmd
                0x0000000000000000       0x40 ../../stm_spl//libstm_spl.a(stm32f4xx_rcc.o)
 .text.RCC_AHB3PeriphClockCmd
                0x0000000000000000       0x40 ../../stm_spl//libstm_spl.a(stm32f4xx_rcc.o)
 .text.RCC_APB1PeriphClockCmd
                0x0000000000000000       0x40 ../../stm_spl//libstm_spl.a(stm32f4xx_rcc.o)
 .text.RCC_APB2PeriphClockCmd
                0x0000000000000000       0x40 ../../stm_spl//libstm_spl.a(stm32f4xx_rcc.o)
 .text.RCC_AHB1PeriphResetCmd
                0x0000000000000000       0x40 ../../stm_spl//libstm_spl.a(stm32f4xx_rcc.o)
 .text.RCC_AHB2PeriphResetCmd
                0x0000000000000000       0x40 ../../stm_spl//libstm_spl.a(stm32f4xx_rcc.o)
 .text.RCC_AHB3PeriphResetCmd
                0x0000000000000000       0x40 ../../stm_spl//libstm_spl.a(stm32f4xx_rcc.o)
 .text.RCC_APB1PeriphResetCmd
                0x0000000000000000       0x40 ../../stm_spl//libstm_spl.a(stm32f4xx_rcc.o)
 .text.RCC_APB2PeriphResetCmd
                0x0000000000000000       0x40 ../../stm_spl//libstm_spl.a(stm32f4xx_rcc.o)
 .text.RCC_AHB1PeriphClockLPModeCmd
                0x0000000000000000       0x40 ../../stm_spl//libstm_spl.a(stm32f4xx_rcc.o)
 .text.RCC_AHB2PeriphClockLPModeCmd
                0x0000000000000000       0x40 ../../stm_spl//libstm_spl.a(stm32f4xx_rcc.o)
 .text.RCC_AHB3PeriphClockLPModeCmd
                0x0000000000000000       0x40 ../../stm_spl//libstm_spl.a(stm32f4xx_rcc.o)
 .text.RCC_APB1PeriphClockLPModeCmd
                0x0000000000000000       0x40 ../../stm_spl//libstm_spl.a(stm32f4xx_rcc.o)
 .text.RCC_APB2PeriphClockLPModeCmd
                0x0000000000000000       0x40 ../../stm_spl//libstm_spl.a(stm32f4xx_rcc.o)
 .text.RCC_LSEModeConfig
                0x0000000000000000       0x3c ../../stm_spl//libstm_spl.a(stm32f4xx_rcc.o)
 .text.RCC_ITConfig
                0x0000000000000000       0x4c ../../stm_spl//libstm_spl.a(stm32f4xx_rcc.o)
 .text.RCC_ClearFlag
                0x0000000000000000       0x20 ../../stm_spl//libstm_spl.a(stm32f4xx_rcc.o)
 .text.RCC_GetITStatus
                0x0000000000000000       0x38 ../../stm_spl//libstm_spl.a(stm32f4xx_rcc.o)
 .text.RCC_ClearITPendingBit
                0x0000000000000000       0x20 ../../stm_spl//libstm_spl.a(stm32f4xx_rcc.o)

Memory Configuration

Name             Origin             Length             Attributes
RAM              0x0000000020000000 0x0000000000020000 xrw
CCMRAM           0x0000000010000000 0x0000000000010000 xrw
FLASH            0x0000000008000000 0x0000000000100000 xr
FLASHB1          0x0000000000000000 0x0000000000000000 xr
EXTMEMB0         0x0000000000000000 0x0000000000000000 xr
EXTMEMB1         0x0000000000000000 0x0000000000000000 xr
EXTMEMB2         0x0000000000000000 0x0000000000000000 xr
EXTMEMB3         0x0000000000000000 0x0000000000000000 xr
MEMORY_ARRAY     0x0000000020002000 0x0000000000000020 xrw
*default*        0x0000000000000000 0xffffffffffffffff

Linker script and memory map

LOAD main.o
LOAD ../../common/as/startup_stm32f40_41xxx.o
START GROUP
LOAD /home/shalazary/gcc-arm-none-eabi-8-2019-q3-update/bin/../lib/gcc/arm-none-eabi/8.3.1/../../../../arm-none-eabi/lib/thumb/v7e-m+fp/hard/libc.a
LOAD /home/shalazary/gcc-arm-none-eabi-8-2019-q3-update/bin/../lib/gcc/arm-none-eabi/8.3.1/thumb/v7e-m+fp/hard/libgcc.a
LOAD /home/shalazary/gcc-arm-none-eabi-8-2019-q3-update/bin/../lib/gcc/arm-none-eabi/8.3.1/../../../../arm-none-eabi/lib/thumb/v7e-m+fp/hard/libnosys.a
END GROUP
LOAD ../../common//libstmcommon.a
LOAD ../../stm_spl//libstm_spl.a
START GROUP
LOAD /home/shalazary/gcc-arm-none-eabi-8-2019-q3-update/bin/../lib/gcc/arm-none-eabi/8.3.1/thumb/v7e-m+fp/hard/libgcc.a
LOAD /home/shalazary/gcc-arm-none-eabi-8-2019-q3-update/bin/../lib/gcc/arm-none-eabi/8.3.1/../../../../arm-none-eabi/lib/thumb/v7e-m+fp/hard/libc.a
END GROUP
                0x0000000000004000                __Stack_Size = 0x4000
                [!provide]                        PROVIDE (_Stack_Size = __Stack_Size)
                0x000000002001c000                __Stack_Init = (_estack - __Stack_Size)
                [!provide]                        PROVIDE (_Stack_Init = __Stack_Init)
                0x0000000000004000                _Minimum_Stack_Size = 0x4000
                0x0000000020020000                _estack = 0x20020000

.isr_vector     0x0000000008000000      0x188
                0x0000000008000000                . = ALIGN (0x4)
 *(.isr_vector)
 .isr_vector    0x0000000008000000      0x188 ../../common/as/startup_stm32f40_41xxx.o
                0x0000000008000000                g_pfnVectors
                0x0000000008000188                . = ALIGN (0x4)

.flashtext      0x0000000008000188        0x0
                0x0000000008000188                . = ALIGN (0x4)
 *(.flashtext)
                0x0000000008000188                . = ALIGN (0x4)

.text           0x0000000008000188      0x768
                0x0000000008000188                . = ALIGN (0x4)
 *(.text)
 *(.text.*)
 .text.main     0x0000000008000188      0x1ac main.o
                0x0000000008000188                main
 .text.blink_led
                0x0000000008000334       0x50 main.o
                0x0000000008000334                blink_led
 .text.Reset_Handler
                0x0000000008000384       0x44 ../../common/as/startup_stm32f40_41xxx.o
                0x0000000008000384                Reset_Handler
 .text.Default_Handler
                0x00000000080003c8        0x2 ../../common/as/startup_stm32f40_41xxx.o
                0x00000000080003c8                RTC_Alarm_IRQHandler
                0x00000000080003c8                HASH_RNG_IRQHandler
                0x00000000080003c8                EXTI2_IRQHandler
                0x00000000080003c8                TIM8_CC_IRQHandler
                0x00000000080003c8                DebugMon_Handler
                0x00000000080003c8                TIM1_CC_IRQHandler
                0x00000000080003c8                DMA2_Stream5_IRQHandler
                0x00000000080003c8                HardFault_Handler
                0x00000000080003c8                DMA1_Stream5_IRQHandler
                0x00000000080003c8                SysTick_Handler
                0x00000000080003c8                PVD_IRQHandler
                0x00000000080003c8                SDIO_IRQHandler
                0x00000000080003c8                TAMP_STAMP_IRQHandler
                0x00000000080003c8                PendSV_Handler
                0x00000000080003c8                NMI_Handler
                0x00000000080003c8                CAN2_RX1_IRQHandler
                0x00000000080003c8                EXTI3_IRQHandler
                0x00000000080003c8                TIM8_TRG_COM_TIM14_IRQHandler
                0x00000000080003c8                TIM1_UP_TIM10_IRQHandler
                0x00000000080003c8                TIM8_UP_TIM13_IRQHandler
                0x00000000080003c8                I2C3_ER_IRQHandler
                0x00000000080003c8                EXTI0_IRQHandler
                0x00000000080003c8                I2C2_EV_IRQHandler
                0x00000000080003c8                DMA1_Stream2_IRQHandler
                0x00000000080003c8                CAN1_RX0_IRQHandler
                0x00000000080003c8                FPU_IRQHandler
                0x00000000080003c8                OTG_HS_WKUP_IRQHandler
                0x00000000080003c8                UsageFault_Handler
                0x00000000080003c8                CAN2_SCE_IRQHandler
                0x00000000080003c8                DMA2_Stream2_IRQHandler
                0x00000000080003c8                SPI1_IRQHandler
                0x00000000080003c8                TIM6_DAC_IRQHandler
                0x00000000080003c8                TIM1_BRK_TIM9_IRQHandler
                0x00000000080003c8                DCMI_IRQHandler
                0x00000000080003c8                CAN2_RX0_IRQHandler
                0x00000000080003c8                DMA2_Stream3_IRQHandler
                0x00000000080003c8                USART6_IRQHandler
                0x00000000080003c8                USART3_IRQHandler
                0x00000000080003c8                CRYP_IRQHandler
                0x00000000080003c8                CAN1_RX1_IRQHandler
                0x00000000080003c8                UART5_IRQHandler
                0x00000000080003c8                DMA2_Stream0_IRQHandler
                0x00000000080003c8                TIM4_IRQHandler
                0x00000000080003c8                I2C1_EV_IRQHandler
                0x00000000080003c8                DMA1_Stream6_IRQHandler
                0x00000000080003c8                DMA1_Stream1_IRQHandler
                0x00000000080003c8                UART4_IRQHandler
                0x00000000080003c8                TIM3_IRQHandler
                0x00000000080003c8                RCC_IRQHandler
                0x00000000080003c8                TIM8_BRK_TIM12_IRQHandler
                0x00000000080003c8                Default_Handler
                0x00000000080003c8                EXTI15_10_IRQHandler
                0x00000000080003c8                ADC_IRQHandler
                0x00000000080003c8                DMA1_Stream7_IRQHandler
                0x00000000080003c8                TIM7_IRQHandler
                0x00000000080003c8                CAN2_TX_IRQHandler
                0x00000000080003c8                TIM5_IRQHandler
                0x00000000080003c8                DMA2_Stream7_IRQHandler
                0x00000000080003c8                I2C3_EV_IRQHandler
                0x00000000080003c8                EXTI9_5_IRQHandler
                0x00000000080003c8                RTC_WKUP_IRQHandler
                0x00000000080003c8                ETH_WKUP_IRQHandler
                0x00000000080003c8                SPI2_IRQHandler
                0x00000000080003c8                OTG_HS_EP1_IN_IRQHandler
                0x00000000080003c8                MemManage_Handler
                0x00000000080003c8                DMA1_Stream0_IRQHandler
                0x00000000080003c8                CAN1_TX_IRQHandler
                0x00000000080003c8                SVC_Handler
                0x00000000080003c8                EXTI4_IRQHandler
                0x00000000080003c8                FSMC_IRQHandler
                0x00000000080003c8                ETH_IRQHandler
                0x00000000080003c8                OTG_HS_EP1_OUT_IRQHandler
                0x00000000080003c8                WWDG_IRQHandler
                0x00000000080003c8                TIM2_IRQHandler
                0x00000000080003c8                OTG_FS_WKUP_IRQHandler
                0x00000000080003c8                TIM1_TRG_COM_TIM11_IRQHandler
                0x00000000080003c8                OTG_HS_IRQHandler
                0x00000000080003c8                EXTI1_IRQHandler
                0x00000000080003c8                USART2_IRQHandler
                0x00000000080003c8                I2C2_ER_IRQHandler
                0x00000000080003c8                DMA2_Stream1_IRQHandler
                0x00000000080003c8                CAN1_SCE_IRQHandler
                0x00000000080003c8                FLASH_IRQHandler
                0x00000000080003c8                DMA2_Stream4_IRQHandler
                0x00000000080003c8                BusFault_Handler
                0x00000000080003c8                USART1_IRQHandler
                0x00000000080003c8                OTG_FS_IRQHandler
                0x00000000080003c8                SPI3_IRQHandler
                0x00000000080003c8                DMA1_Stream4_IRQHandler
                0x00000000080003c8                I2C1_ER_IRQHandler
                0x00000000080003c8                DMA2_Stream6_IRQHandler
                0x00000000080003c8                DMA1_Stream3_IRQHandler
 *fill*         0x00000000080003ca        0x2 
 .text.SystemInit
                0x00000000080003cc       0x6c ../../common//libstmcommon.a(system_stm32f4xx.o)
                0x00000000080003cc                SystemInit
 .text.SetSysClock
                0x0000000008000438       0xf8 ../../common//libstmcommon.a(system_stm32f4xx.o)
 .text.GPIO_Init
                0x0000000008000530      0x11c ../../stm_spl//libstm_spl.a(stm32f4xx_gpio.o)
                0x0000000008000530                GPIO_Init
 .text.GPIO_ReadInputDataBit
                0x000000000800064c       0x34 ../../stm_spl//libstm_spl.a(stm32f4xx_gpio.o)
                0x000000000800064c                GPIO_ReadInputDataBit
 .text.GPIO_SetBits
                0x0000000008000680       0x1e ../../stm_spl//libstm_spl.a(stm32f4xx_gpio.o)
                0x0000000008000680                GPIO_SetBits
 .text.GPIO_ResetBits
                0x000000000800069e       0x1e ../../stm_spl//libstm_spl.a(stm32f4xx_gpio.o)
                0x000000000800069e                GPIO_ResetBits
 .text.RCC_DeInit
                0x00000000080006bc       0x70 ../../stm_spl//libstm_spl.a(stm32f4xx_rcc.o)
                0x00000000080006bc                RCC_DeInit
 .text.RCC_HSEConfig
                0x000000000800072c       0x28 ../../stm_spl//libstm_spl.a(stm32f4xx_rcc.o)
                0x000000000800072c                RCC_HSEConfig
 .text.RCC_WaitForHSEStartUp
                0x0000000008000754       0x50 ../../stm_spl//libstm_spl.a(stm32f4xx_rcc.o)
                0x0000000008000754                RCC_WaitForHSEStartUp
 .text.RCC_PLLConfig
                0x00000000080007a4       0x40 ../../stm_spl//libstm_spl.a(stm32f4xx_rcc.o)
                0x00000000080007a4                RCC_PLLConfig
 .text.RCC_PLLCmd
                0x00000000080007e4       0x20 ../../stm_spl//libstm_spl.a(stm32f4xx_rcc.o)
                0x00000000080007e4                RCC_PLLCmd
 .text.RCC_SYSCLKConfig
                0x0000000008000804       0x38 ../../stm_spl//libstm_spl.a(stm32f4xx_rcc.o)
                0x0000000008000804                RCC_SYSCLKConfig
 .text.RCC_AHB1PeriphClockCmd
                0x000000000800083c       0x40 ../../stm_spl//libstm_spl.a(stm32f4xx_rcc.o)
                0x000000000800083c                RCC_AHB1PeriphClockCmd
 .text.RCC_GetFlagStatus
                0x000000000800087c       0x74 ../../stm_spl//libstm_spl.a(stm32f4xx_rcc.o)
                0x000000000800087c                RCC_GetFlagStatus
 *(.rodata)
 *(.rodata*)
 *(.glue_7)
 .glue_7        0x00000000080008f0        0x0 linker stubs
 *(.glue_7t)
 .glue_7t       0x00000000080008f0        0x0 linker stubs
                0x00000000080008f0                . = ALIGN (0x4)
                0x00000000080008f0                _etext = .
                0x00000000080008f0                _sidata = _etext

.vfp11_veneer   0x00000000080008f0        0x0
 .vfp11_veneer  0x00000000080008f0        0x0 linker stubs

.v4_bx          0x00000000080008f0        0x0
 .v4_bx         0x00000000080008f0        0x0 linker stubs

.iplt           0x00000000080008f0        0x0
 .iplt          0x00000000080008f0        0x0 main.o

.rel.dyn        0x00000000080008f0        0x0
 .rel.iplt      0x00000000080008f0        0x0 main.o

.ROarraySection
 *(.ROarraySection)

.data           0x0000000020000000        0x0 load address 0x00000000080008f0
                0x0000000020000000                . = ALIGN (0x4)
                0x0000000020000000                _sdata = .
 *(.data)
 *(.data.*)
                0x0000000020000000                . = ALIGN (0x4)
                0x0000000020000000                _edata = .

.igot.plt       0x0000000020000000        0x0
 .igot.plt      0x0000000020000000        0x0 main.o

.bss            0x0000000020000000        0x0
                0x0000000020000000                . = ALIGN (0x4)
                0x0000000020000000                _sbss = .
 *(.bss)
 *(COMMON)
                0x0000000020000000                . = ALIGN (0x4)
                0x0000000020000000                _ebss = .
                [!provide]                        PROVIDE (end = _ebss)
                [!provide]                        PROVIDE (_end = _ebss)

._usrstack      0x0000000020000000     0x4000
                0x0000000020000000                . = ALIGN (0x4)
                0x0000000020000000                _susrstack = .
                0x0000000020004000                . = (. + _Minimum_Stack_Size)
 *fill*         0x0000000020000000     0x4000 
                0x0000000020004000                . = ALIGN (0x4)
                0x0000000020004000                _eusrstack = .

.b1text
 *(.b1text)
 *(.b1rodata)
 *(.b1rodata*)

.eb0text
 *(.eb0text)
 *(.eb0rodata)
 *(.eb0rodata*)

.eb1text
 *(.eb1text)
 *(.eb1rodata)
 *(.eb1rodata*)

.eb2text
 *(.eb2text)
 *(.eb2rodata)
 *(.eb2rodata*)

.eb3text
 *(.eb3text)
 *(.eb3rodata)
 *(.eb3rodata*)

DISCARD
 libc.a(*)
 libm.a(*)
 libgcc.a(*)

.stab
 *(.stab)

.stabstr
 *(.stabstr)

.stab.excl
 *(.stab.excl)

.stab.exclstr
 *(.stab.exclstr)

.stab.index
 *(.stab.index)

.stab.indexstr
 *(.stab.indexstr)

.comment        0x0000000000000000       0x76
 *(.comment)
 .comment       0x0000000000000000       0x76 main.o
                                         0x77 (size before relaxing)
 .comment       0x0000000000000076       0x77 ../../common//libstmcommon.a(system_stm32f4xx.o)
 .comment       0x0000000000000076       0x77 ../../stm_spl//libstm_spl.a(stm32f4xx_gpio.o)
 .comment       0x0000000000000076       0x77 ../../stm_spl//libstm_spl.a(stm32f4xx_rcc.o)

.ARM.attributes
                0x0000000000000000       0x32
 .ARM.attributes
                0x0000000000000000       0x34 main.o
 .ARM.attributes
                0x0000000000000034       0x21 ../../common/as/startup_stm32f40_41xxx.o
 .ARM.attributes
                0x0000000000000055       0x34 ../../common//libstmcommon.a(system_stm32f4xx.o)
 .ARM.attributes
                0x0000000000000089       0x34 ../../stm_spl//libstm_spl.a(stm32f4xx_gpio.o)
 .ARM.attributes
                0x00000000000000bd       0x34 ../../stm_spl//libstm_spl.a(stm32f4xx_rcc.o)

.debug
 *(.debug)

.line
 *(.line)

.debug_srcinfo
 *(.debug_srcinfo)

.debug_sfnames
 *(.debug_sfnames)

.debug_aranges  0x0000000000000000      0x2a0
 *(.debug_aranges)
 .debug_aranges
                0x0000000000000000       0x28 main.o
 .debug_aranges
                0x0000000000000028       0x30 ../../common//libstmcommon.a(system_stm32f4xx.o)
 .debug_aranges
                0x0000000000000058       0x88 ../../stm_spl//libstm_spl.a(stm32f4xx_gpio.o)
 .debug_aranges
                0x00000000000000e0      0x1c0 ../../stm_spl//libstm_spl.a(stm32f4xx_rcc.o)

.debug_pubnames
 *(.debug_pubnames)

.debug_info     0x0000000000000000     0x1ff0
 *(.debug_info .gnu.linkonce.wi.*)
 .debug_info    0x0000000000000000      0x3cf main.o
 .debug_info    0x00000000000003cf      0x66a ../../common//libstmcommon.a(system_stm32f4xx.o)
 .debug_info    0x0000000000000a39      0x67f ../../stm_spl//libstm_spl.a(stm32f4xx_gpio.o)
 .debug_info    0x00000000000010b8      0xf38 ../../stm_spl//libstm_spl.a(stm32f4xx_rcc.o)

.debug_abbrev   0x0000000000000000      0x6f0
 *(.debug_abbrev)
 .debug_abbrev  0x0000000000000000      0x199 main.o
 .debug_abbrev  0x0000000000000199      0x178 ../../common//libstmcommon.a(system_stm32f4xx.o)
 .debug_abbrev  0x0000000000000311      0x1e6 ../../stm_spl//libstm_spl.a(stm32f4xx_gpio.o)
 .debug_abbrev  0x00000000000004f7      0x1f9 ../../stm_spl//libstm_spl.a(stm32f4xx_rcc.o)

.debug_line     0x0000000000000000     0x1409
 *(.debug_line)
 .debug_line    0x0000000000000000      0x234 main.o
 .debug_line    0x0000000000000234      0x2d7 ../../common//libstmcommon.a(system_stm32f4xx.o)
 .debug_line    0x000000000000050b      0x4a6 ../../stm_spl//libstm_spl.a(stm32f4xx_gpio.o)
 .debug_line    0x00000000000009b1      0xa58 ../../stm_spl//libstm_spl.a(stm32f4xx_rcc.o)

.debug_frame    0x0000000000000000      0xb48
 *(.debug_frame)
 .debug_frame   0x0000000000000000       0x54 main.o
 .debug_frame   0x0000000000000054       0x7c ../../common//libstmcommon.a(system_stm32f4xx.o)
 .debug_frame   0x00000000000000d0      0x23c ../../stm_spl//libstm_spl.a(stm32f4xx_gpio.o)
 .debug_frame   0x000000000000030c      0x83c ../../stm_spl//libstm_spl.a(stm32f4xx_rcc.o)

.debug_str      0x0000000000000000      0xe33
 *(.debug_str)
 .debug_str     0x0000000000000000      0x3b6 main.o
                                        0x413 (size before relaxing)
 .debug_str     0x00000000000003b6      0x233 ../../common//libstmcommon.a(system_stm32f4xx.o)
                                        0x403 (size before relaxing)
 .debug_str     0x00000000000005e9      0x19f ../../stm_spl//libstm_spl.a(stm32f4xx_gpio.o)
                                        0x4e2 (size before relaxing)
 .debug_str     0x0000000000000788      0x6ab ../../stm_spl//libstm_spl.a(stm32f4xx_rcc.o)
                                        0xa04 (size before relaxing)

.debug_loc
 *(.debug_loc)

.debug_macinfo
 *(.debug_macinfo)

.debug_weaknames
 *(.debug_weaknames)

.debug_funcnames
 *(.debug_funcnames)

.debug_typenames
 *(.debug_typenames)

.debug_varnames
 *(.debug_varnames)
OUTPUT(main.elf elf32-littlearm)

.debug_ranges   0x0000000000000000      0x260
 .debug_ranges  0x0000000000000000       0x18 main.o
 .debug_ranges  0x0000000000000018       0x20 ../../common//libstmcommon.a(system_stm32f4xx.o)
 .debug_ranges  0x0000000000000038       0x78 ../../stm_spl//libstm_spl.a(stm32f4xx_gpio.o)
 .debug_ranges  0x00000000000000b0      0x1b0 ../../stm_spl//libstm_spl.a(stm32f4xx_rcc.o)
